// Jest Snapshot v1, https://goo.gl/fbAQLP

exports[`<CurrencyValidation /> deve ser igual ao snapshot 1`] = `
<Field
  component={[Function]}
/>
`;
