// Jest Snapshot v1, https://goo.gl/fbAQLP

exports[`<CurrencyInput /> deve ser igual ao snapshot, com configurações padrões 1`] = `
.emotion-0 {
  height: 50px;
  padding: 15px;
  width: 100%;
  border-radius: 3px;
  border-width: 1px;
  border-color: #D2D2D2;
  font-size: 1.0rem;
}

.emotion-0:focus {
  outline: none;
}

.emotion-0[readonly],
.emotion-0 [disabled] {
  opacity: 0.5;
}

<CurrencyComponent
  className="emotion-0"
/>
`;
