// Jest Snapshot v1, https://goo.gl/fbAQLP

exports[`<Background /> deve ser igual ao snapshot 1`] = `
.emotion-0 {
  background-color: #000000;
  height: 100vh;
}

<div
  className="emotion-0"
  color="#000000"
/>
`;
